** Drc report for /home/user/sage/hardware/pcb/bayleaf-left.kicad_pcb **
** Created on 2026-09-28 19:12:30 **

** Found 36 DRC violations **
[silk_over_copper]: Silkscreen clipped by solder mask
    Local override; Severity: warning
    @(56.0000 mm, 47.0000 mm): PCB Text 'left half - rev 1' on B.Silkscreen
[silk_over_copper]: Silkscreen clipped by solder mask
    Local override; Severity: warning
    @(56.0000 mm, 40.0000 mm): PCB Text 'BAYLEAF' on B.Silkscreen
[lib_footprint_issues]: Footprint 'D_SOD-323' not found in library 'Diode_SMD'.
    Local override; Severity: warning
    @(74.0000 mm, 26.7500 mm): Footprint D10
[lib_footprint_issues]: Footprint 'D_SOD-323' not found in library 'Diode_SMD'.
    Local override; Severity: warning
    @(110.0000 mm, 60.7500 mm): Footprint D24
[lib_footprint_issues]: Footprint 'D_SOD-323' not found in library 'Diode_SMD'.
    Local override; Severity: warning
    @(92.0000 mm, 77.7500 mm): Footprint D29
[lib_footprint_issues]: Footprint 'D_SOD-323' not found in library 'Diode_SMD'.
    Local override; Severity: warning
    @(56.0000 mm, 77.7500 mm): Footprint D27
[lib_footprint_issues]: Footprint 'D_SOD-323' not found in library 'Diode_SMD'.
    Local override; Severity: warning
    @(74.0000 mm, 60.7500 mm): Footprint D22
[lib_footprint_issues]: Footprint 'D_SOD-323' not found in library 'Diode_SMD'.
    Local override; Severity: warning
    @(38.0000 mm, 60.7500 mm): Footprint D20
[lib_footprint_issues]: Footprint 'D_SOD-323' not found in library 'Diode_SMD'.
    Local override; Severity: warning
    @(20.0000 mm, 60.7500 mm): Footprint D19
[lib_footprint_issues]: Footprint 'D_SOD-323' not found in library 'Diode_SMD'.
    Local override; Severity: warning
    @(56.0000 mm, 43.7500 mm): Footprint D15
[lib_footprint_issues]: Footprint 'D_SOD-323' not found in library 'Diode_SMD'.
    Local override; Severity: warning
    @(38.0000 mm, 26.7500 mm): Footprint D8
[lib_footprint_issues]: Footprint 'D_SOD-323' not found in library 'Diode_SMD'.
    Local override; Severity: warning
    @(92.0000 mm, 43.7500 mm): Footprint D17
[lib_footprint_issues]: Footprint 'D_SOD-323' not found in library 'Diode_SMD'.
    Local override; Severity: warning
    @(20.0000 mm, 43.7500 mm): Footprint D13
[lib_footprint_issues]: Footprint 'D_SOD-323' not found in library 'Diode_SMD'.
    Local override; Severity: warning
    @(92.0000 mm, 60.7500 mm): Footprint D23
[lib_footprint_issues]: Footprint 'D_SOD-323' not found in library 'Diode_SMD'.
    Local override; Severity: warning
    @(92.0000 mm, 26.7500 mm): Footprint D11
[lib_footprint_issues]: Footprint 'D_SOD-323' not found in library 'Diode_SMD'.
    Local override; Severity: warning
    @(20.0000 mm, 77.7500 mm): Footprint D25
[lib_footprint_issues]: Footprint 'SW_SPDT_PCM12' not found in library 'Button_Switch_SMD'.
    Local override; Severity: warning
    @(133.2000 mm, 39.6000 mm): Footprint SW32
[lib_footprint_issues]: Footprint 'D_SOD-323' not found in library 'Diode_SMD'.
    Local override; Severity: warning
    @(56.0000 mm, 9.7500 mm): Footprint D3
[lib_footprint_issues]: Footprint 'D_SOD-323' not found in library 'Diode_SMD'.
    Local override; Severity: warning
    @(38.0000 mm, 43.7500 mm): Footprint D14
[lib_footprint_issues]: Footprint 'D_SOD-323' not found in library 'Diode_SMD'.
    Local override; Severity: warning
    @(74.0000 mm, 9.7500 mm): Footprint D4
[lib_footprint_issues]: Footprint 'D_SOD-323' not found in library 'Diode_SMD'.
    Local override; Severity: warning
    @(92.0000 mm, 9.7500 mm): Footprint D5
[lib_footprint_issues]: Footprint 'D_SOD-323' not found in library 'Diode_SMD'.
    Local override; Severity: warning
    @(74.0000 mm, 77.7500 mm): Footprint D28
[lib_footprint_issues]: Footprint 'D_SOD-323' not found in library 'Diode_SMD'.
    Local override; Severity: warning
    @(38.0000 mm, 77.7500 mm): Footprint D26
[lib_footprint_issues]: Footprint 'D_SOD-323' not found in library 'Diode_SMD'.
    Local override; Severity: warning
    @(20.0000 mm, 26.7500 mm): Footprint D7
[lib_footprint_issues]: Footprint 'D_SOD-323' not found in library 'Diode_SMD'.
    Local override; Severity: warning
    @(110.0000 mm, 43.7500 mm): Footprint D18
[lib_footprint_issues]: Footprint 'D_SOD-323' not found in library 'Diode_SMD'.
    Local override; Severity: warning
    @(56.0000 mm, 60.7500 mm): Footprint D21
[lib_footprint_issues]: Footprint 'SW_Push_1P1T_XKB_TS-1187A' not found in library 'Button_Switch_SMD'.
    Local override; Severity: warning
    @(118.6000 mm, 37.6000 mm): Footprint SW31
[lib_footprint_issues]: Footprint 'D_SOD-323' not found in library 'Diode_SMD'.
    Local override; Severity: warning
    @(110.0000 mm, 26.7500 mm): Footprint D12
[lib_footprint_issues]: Footprint 'D_SOD-323' not found in library 'Diode_SMD'.
    Local override; Severity: warning
    @(110.0000 mm, 9.7500 mm): Footprint D6
[lib_footprint_issues]: Footprint 'D_SOD-323' not found in library 'Diode_SMD'.
    Local override; Severity: warning
    @(74.0000 mm, 43.7500 mm): Footprint D16
[lib_footprint_issues]: Footprint 'D_SOD-323' not found in library 'Diode_SMD'.
    Local override; Severity: warning
    @(38.0000 mm, 9.7500 mm): Footprint D2
[lib_footprint_issues]: Footprint 'D_SOD-323' not found in library 'Diode_SMD'.
    Local override; Severity: warning
    @(110.0000 mm, 77.7500 mm): Footprint D30
[lib_footprint_issues]: Footprint 'D_SOD-323' not found in library 'Diode_SMD'.
    Local override; Severity: warning
    @(20.0000 mm, 9.7500 mm): Footprint D1
[lib_footprint_issues]: Footprint 'D_SOD-323' not found in library 'Diode_SMD'.
    Local override; Severity: warning
    @(56.0000 mm, 26.7500 mm): Footprint D9
[silk_edge_clearance]: Silkscreen clipped by board edge
    Rule: board setup constraints silk; Severity: warning
    @(135.5000 mm, 1.0000 mm): Line on Edge.Cuts
    @(134.9300 mm, 41.0000 mm): Line on F.Silkscreen
[silk_edge_clearance]: Silkscreen clipped by board edge
    Rule: board setup constraints silk; Severity: warning
    @(135.5000 mm, 1.0000 mm): Line on Edge.Cuts
    @(136.2200 mm, 39.7000 mm): Line on F.Silkscreen

** Found 0 unconnected pads **

** Found 0 Footprint errors **

** End of Report **
