** Drc report for /home/user/sage/hardware/pcb/bayleaf-plate-left.kicad_pcb **
** Created on 2026-09-29 20:33:02 **

** Found 7 DRC violations **
[lib_footprint_issues]: The current configuration does not include the library 'MountingHole'.
    Local override; Severity: warning
    @(110.1500 mm, 2.4500 mm): Footprint H3
[lib_footprint_issues]: The current configuration does not include the library 'MountingHole'.
    Local override; Severity: warning
    @(130.6700 mm, 89.8500 mm): Footprint H7
[lib_footprint_issues]: The current configuration does not include the library 'MountingHole'.
    Local override; Severity: warning
    @(112.6300 mm, 89.8500 mm): Footprint H6
[lib_footprint_issues]: The current configuration does not include the library 'MountingHole'.
    Local override; Severity: warning
    @(1.8500 mm, 89.8500 mm): Footprint H2
[lib_footprint_issues]: The current configuration does not include the library 'MountingHole'.
    Local override; Severity: warning
    @(1.8500 mm, 2.4500 mm): Footprint H1
[lib_footprint_issues]: The current configuration does not include the library 'MountingHole'.
    Local override; Severity: warning
    @(108.4500 mm, 46.1500 mm): Footprint H5
[lib_footprint_issues]: The current configuration does not include the library 'MountingHole'.
    Local override; Severity: warning
    @(132.9000 mm, 2.4500 mm): Footprint H4

** Found 0 unconnected pads **

** Found 0 Footprint errors **

** End of Report **
