** Drc report for /home/user/sage/hardware/pcb/bayleaf-right.kicad_pcb **
** Created on 2026-09-29 04:00:52 **

** Found 42 DRC violations **
[silk_over_copper]: Silkscreen clipped by solder mask
    Local override; Severity: warning
    @(23.5500 mm, 3.1100 mm): Footprint Text 'RAW' of U1
[silk_over_copper]: Silkscreen clipped by solder mask
    Local override; Severity: warning
    @(3.5500 mm, 3.1100 mm): Footprint Text 'D1' of U1
[lib_footprint_issues]: Footprint 'D_SOD-523' not found in library 'Diode_SMD'.
    Local override; Severity: warning
    @(80.2500 mm, 28.1500 mm): Footprint D10
[lib_footprint_issues]: Footprint 'D_SOD-523' not found in library 'Diode_SMD'.
    Local override; Severity: warning
    @(63.2500 mm, 79.1500 mm): Footprint D29
[lib_footprint_issues]: Footprint 'D_SOD-523' not found in library 'Diode_SMD'.
    Local override; Severity: warning
    @(46.2500 mm, 79.1500 mm): Footprint D30
[lib_footprint_issues]: Footprint 'D_SOD-523' not found in library 'Diode_SMD'.
    Local override; Severity: warning
    @(46.2500 mm, 28.1500 mm): Footprint D12
[lib_footprint_issues]: The current configuration does not include the library 'MountingHole'.
    Local override; Severity: warning
    @(4.2300 mm, 89.8500 mm): Footprint H7
[lib_footprint_issues]: Footprint 'D_SOD-523' not found in library 'Diode_SMD'.
    Local override; Severity: warning
    @(80.2500 mm, 62.1500 mm): Footprint D22
[lib_footprint_issues]: Footprint 'D_SOD-523' not found in library 'Diode_SMD'.
    Local override; Severity: warning
    @(114.2500 mm, 11.1500 mm): Footprint D2
[lib_footprint_issues]: Footprint 'D_SOD-523' not found in library 'Diode_SMD'.
    Local override; Severity: warning
    @(131.2500 mm, 62.1500 mm): Footprint D19
[lib_footprint_issues]: Footprint 'D_SOD-523' not found in library 'Diode_SMD'.
    Local override; Severity: warning
    @(80.2500 mm, 45.1500 mm): Footprint D16
[lib_footprint_issues]: Footprint 'D_SOD-523' not found in library 'Diode_SMD'.
    Local override; Severity: warning
    @(46.2500 mm, 62.1500 mm): Footprint D24
[lib_footprint_issues]: Footprint 'D_SOD-523' not found in library 'Diode_SMD'.
    Local override; Severity: warning
    @(63.2500 mm, 45.1500 mm): Footprint D17
[lib_footprint_issues]: Footprint 'D_SOD-523' not found in library 'Diode_SMD'.
    Local override; Severity: warning
    @(63.2500 mm, 11.1500 mm): Footprint D5
[lib_footprint_issues]: Footprint 'SW_Push_1P1T_NO_CK_KMR2' not found in library 'Button_Switch_SMD'.
    Local override; Severity: warning
    @(24.7500 mm, 22.0000 mm): Footprint SW31
[lib_footprint_issues]: Footprint 'D_SOD-523' not found in library 'Diode_SMD'.
    Local override; Severity: warning
    @(97.2500 mm, 45.1500 mm): Footprint D15
[lib_footprint_issues]: Footprint 'D_SOD-523' not found in library 'Diode_SMD'.
    Local override; Severity: warning
    @(46.2500 mm, 45.1500 mm): Footprint D18
[lib_footprint_issues]: Footprint 'D_SOD-523' not found in library 'Diode_SMD'.
    Local override; Severity: warning
    @(80.2500 mm, 79.1500 mm): Footprint D28
[lib_footprint_issues]: Footprint 'D_SOD-523' not found in library 'Diode_SMD'.
    Local override; Severity: warning
    @(131.2500 mm, 28.1500 mm): Footprint D7
[lib_footprint_issues]: Footprint 'D_SOD-523' not found in library 'Diode_SMD'.
    Local override; Severity: warning
    @(97.2500 mm, 28.1500 mm): Footprint D9
[lib_footprint_issues]: Footprint 'D_SOD-523' not found in library 'Diode_SMD'.
    Local override; Severity: warning
    @(131.2500 mm, 11.1500 mm): Footprint D1
[lib_footprint_issues]: The current configuration does not include the library 'MountingHole'.
    Local override; Severity: warning
    @(2.0000 mm, 2.4500 mm): Footprint H4
[lib_footprint_issues]: Footprint 'D_SOD-523' not found in library 'Diode_SMD'.
    Local override; Severity: warning
    @(63.2500 mm, 28.1500 mm): Footprint D11
[lib_footprint_issues]: Footprint 'D_SOD-523' not found in library 'Diode_SMD'.
    Local override; Severity: warning
    @(80.2500 mm, 11.1500 mm): Footprint D4
[lib_footprint_issues]: Footprint 'D_SOD-523' not found in library 'Diode_SMD'.
    Local override; Severity: warning
    @(97.2500 mm, 79.1500 mm): Footprint D27
[lib_footprint_issues]: Footprint 'D_SOD-523' not found in library 'Diode_SMD'.
    Local override; Severity: warning
    @(97.2500 mm, 62.1500 mm): Footprint D21
[lib_footprint_issues]: Footprint 'D_SOD-523' not found in library 'Diode_SMD'.
    Local override; Severity: warning
    @(114.2500 mm, 79.1500 mm): Footprint D26
[lib_footprint_issues]: Footprint 'D_SOD-523' not found in library 'Diode_SMD'.
    Local override; Severity: warning
    @(97.2500 mm, 11.1500 mm): Footprint D3
[lib_footprint_issues]: Footprint 'D_SOD-523' not found in library 'Diode_SMD'.
    Local override; Severity: warning
    @(114.2500 mm, 45.1500 mm): Footprint D14
[lib_footprint_issues]: Footprint 'D_SOD-523' not found in library 'Diode_SMD'.
    Local override; Severity: warning
    @(114.2500 mm, 28.1500 mm): Footprint D8
[lib_footprint_issues]: The current configuration does not include the library 'MountingHole'.
    Local override; Severity: warning
    @(133.0500 mm, 89.8500 mm): Footprint H2
[lib_footprint_issues]: The current configuration does not include the library 'MountingHole'.
    Local override; Severity: warning
    @(22.2700 mm, 89.8500 mm): Footprint H6
[lib_footprint_issues]: Footprint 'D_SOD-523' not found in library 'Diode_SMD'.
    Local override; Severity: warning
    @(46.2500 mm, 11.1500 mm): Footprint D6
[lib_footprint_issues]: Footprint 'D_SOD-523' not found in library 'Diode_SMD'.
    Local override; Severity: warning
    @(131.2500 mm, 79.1500 mm): Footprint D25
[lib_footprint_issues]: Footprint 'D_SOD-523' not found in library 'Diode_SMD'.
    Local override; Severity: warning
    @(114.2500 mm, 62.1500 mm): Footprint D20
[lib_footprint_issues]: Footprint 'D_SOD-523' not found in library 'Diode_SMD'.
    Local override; Severity: warning
    @(63.2500 mm, 62.1500 mm): Footprint D23
[lib_footprint_issues]: The current configuration does not include the library 'MountingHole'.
    Local override; Severity: warning
    @(24.7500 mm, 2.4500 mm): Footprint H3
[lib_footprint_issues]: The current configuration does not include the library 'MountingHole'.
    Local override; Severity: warning
    @(26.4500 mm, 46.1500 mm): Footprint H5
[lib_footprint_issues]: Footprint 'D_SOD-523' not found in library 'Diode_SMD'.
    Local override; Severity: warning
    @(131.2500 mm, 45.1500 mm): Footprint D13
[lib_footprint_issues]: The current configuration does not include the library 'MountingHole'.
    Local override; Severity: warning
    @(133.0500 mm, 2.4500 mm): Footprint H1
[silk_edge_clearance]: Silkscreen clipped by board edge
    Rule: board setup constraints silk; Severity: warning
    @(0.0000 mm, 2.0000 mm): Line on Edge.Cuts
    @(0.3500 mm, 26.5000 mm): Footprint Text '+' of BT1
[silk_edge_clearance]: Silkscreen clipped by board edge
    Rule: board setup constraints silk; Severity: warning
    @(0.0000 mm, 2.0000 mm): Line on Edge.Cuts
    @(0.3500 mm, 30.0000 mm): Footprint Text '-' of BT1

** Found 0 unconnected pads **

** Found 0 Footprint errors **

** End of Report **
